// Jest Snapshot v1, https://goo.gl/fbAQLP

exports[`test router test AppRoute snapshot render 1`] = `
<Route
  render={[Function]}
/>
`;
