// Jest Snapshot v1, https://goo.gl/fbAQLP

exports[`Login match to snapshot 1`] = `
<Fragment>
  <Login
    toggleNotification={[Function]}
  />
  <Notification
    message=""
    open={false}
    toggle={[Function]}
    type="error"
  />
</Fragment>
`;
